11:02:34 **** Build of configuration Debug for project linux_user_io ****
make all 
Building file: ../src/main.cc
Invoking: ARM Linux g++ compiler
arm-xilinx-linux-gnueabi-g++ -Wall -O0 -g3 -c -fmessage-length=0 -MMD -MP -MF"src/main.d" -MT"src/main.d" -o "src/main.o" "../src/main.cc"
Finished building: ../src/main.cc
 
Building target: linux_user_io.elf
Invoking: ARM Linux g++ linker
arm-xilinx-linux-gnueabi-g++  -o "linux_user_io.elf"  ./src/main.o   
Finished building target: linux_user_io.elf
 
Invoking: ARM Linux Print Size
arm-xilinx-linux-gnueabi-size linux_user_io.elf  |tee "linux_user_io.elf.size"
   text	   data	    bss	    dec	    hex	filename
   1236	    304	      4	   1544	    608	linux_user_io.elf
Finished building: linux_user_io.elf.size
 
11:03:15 **** Clean-only build of configuration Debug for project linux_user_io ****
make clean 
rm -rf  ./src/main.o  ./src/main.d  linux_user_io.elf.size  linux_user_io.elf
 
11:03:15 **** Auto Build of configuration Debug for project linux_user_io ****
make all 
Building file: ../src/main.cpp
Invoking: ARM Linux g++ compiler
arm-xilinx-linux-gnueabi-g++ -Wall -O0 -g3 -c -fmessage-length=0 -MMD -MP -MF"src/main.d" -MT"src/main.d" -o "src/main.o" "../src/main.cpp"
Finished building: ../src/main.cpp
 
Building target: linux_user_io.elf
Invoking: ARM Linux g++ linker
arm-xilinx-linux-gnueabi-g++  -o "linux_user_io.elf"  ./src/main.o   
Finished building target: linux_user_io.elf
 
Invoking: ARM Linux Print Size
arm-xilinx-linux-gnueabi-size linux_user_io.elf  |tee "linux_user_io.elf.size"
   text	   data	    bss	    dec	    hex	filename
   1236	    304	      4	   1544	    608	linux_user_io.elf
Finished building: linux_user_io.elf.size
 

**** Build of configuration Debug for project linux_user_io ****

Nothing to build for project linux_user_io
11:07:23 **** Auto Build of configuration Debug for project linux_user_io ****
make all 
Building file: ../src/linux_user_io.c
Invoking: ARM Linux gcc compiler
arm-xilinx-linux-gnueabi-gcc -Wall -O0 -g3 -c -fmessage-length=0 -MMD -MP -MF"src/linux_user_io.d" -MT"src/linux_user_io.d" -o "src/linux_user_io.o" "../src/linux_user_io.c"
Finished building: ../src/linux_user_io.c
 
Building target: linux_user_io.elf
Invoking: ARM Linux gcc linker
arm-xilinx-linux-gnueabi-gcc  -o "linux_user_io.elf"  ./src/linux_user_io.o   
Finished building target: linux_user_io.elf
 
Invoking: ARM Linux Print Size
arm-xilinx-linux-gnueabi-size linux_user_io.elf  |tee "linux_user_io.elf.size"
   text	   data	    bss	    dec	    hex	filename
   5767	    336	      8	   6111	   17df	linux_user_io.elf
Finished building: linux_user_io.elf.size
 
12:52:13 **** Build of project zynq_fsbl_0_bsp ****
make -k all 
libgen -hw ../hw_platform_0/system.xml\
       \
       -pe ps7_cortexa9_0 \
       -log libgen.log \
       system.mss
libgen
Xilinx EDK 2013.4 Build EDK_2013.4.20131205
Copyright (c) 1995-2012 Xilinx, Inc.  All rights reserved.

Command Line: libgen -hw ../hw_platform_0/system.xml -pe ps7_cortexa9_0 -log
libgen.log system.mss 


Staging source files.
Running DRCs.
Running generate.
Running post_generate.
Running include - 'gmake -s include "COMPILER=arm-xilinx-eabi-gcc"
"ARCHIVER=arm-xilinx-eabi-ar" "COMPILER_FLAGS= -O2 -c"
"EXTRA_COMPILER_FLAGS=-g"'.

Running libs - 'gmake -s libs "COMPILER=arm-xilinx-eabi-gcc"
"ARCHIVER=arm-xilinx-eabi-ar" "COMPILER_FLAGS= -O2 -c"
"EXTRA_COMPILER_FLAGS=-g"'.
Compiling standalone
arm-xilinx-eabi-ar: creating ../../../lib/libxil.a
Compiling XilFFs Library
Creating archive libxilffs.a
Compiling devcfg
Compiling dmaps
Compiling emacps
Compiling gpiops
Compiling qspips
Compiling scugic
Compiling scutimer
Compiling scuwdt
Compiling sdps
Compiling ttcps
Compiling uartps
Compiling usbps
Compiling xadcps
Compiling cpu_cortexa9
Running execs_generate.
Finished building libraries
12:52:25 **** Build of configuration Debug for project zynq_fsbl_0 ****
make all 
Building file: ../src/ddr_init.c
Invoking: ARM gcc compiler
arm-xilinx-eabi-gcc -Wall -O0 -g3 -c -fmessage-length=0 -I../../zynq_fsbl_0_bsp/ps7_cortexa9_0/include -MMD -MP -MF"src/ddr_init.d" -MT"src/ddr_init.d" -o "src/ddr_init.o" "../src/ddr_init.c"
Finished building: ../src/ddr_init.c
 
Building file: ../src/fsbl_handoff.S
Invoking: ARM gcc compiler
arm-xilinx-eabi-gcc -Wall -O0 -g3 -c -fmessage-length=0 -I../../zynq_fsbl_0_bsp/ps7_cortexa9_0/include -MMD -MP -MF"src/fsbl_handoff.d" -MT"src/fsbl_handoff.d" -o "src/fsbl_handoff.o" "../src/fsbl_handoff.S"
Finished building: ../src/fsbl_handoff.S
 
Building file: ../src/fsbl_hooks.c
Invoking: ARM gcc compiler
arm-xilinx-eabi-gcc -Wall -O0 -g3 -c -fmessage-length=0 -I../../zynq_fsbl_0_bsp/ps7_cortexa9_0/include -MMD -MP -MF"src/fsbl_hooks.d" -MT"src/fsbl_hooks.d" -o "src/fsbl_hooks.o" "../src/fsbl_hooks.c"
Finished building: ../src/fsbl_hooks.c
 
Building file: ../src/image_mover.c
Invoking: ARM gcc compiler
arm-xilinx-eabi-gcc -Wall -O0 -g3 -c -fmessage-length=0 -I../../zynq_fsbl_0_bsp/ps7_cortexa9_0/include -MMD -MP -MF"src/image_mover.d" -MT"src/image_mover.d" -o "src/image_mover.o" "../src/image_mover.c"
Finished building: ../src/image_mover.c
 
Building file: ../src/main.c
Invoking: ARM gcc compiler
arm-xilinx-eabi-gcc -Wall -O0 -g3 -c -fmessage-length=0 -I../../zynq_fsbl_0_bsp/ps7_cortexa9_0/include -MMD -MP -MF"src/main.d" -MT"src/main.d" -o "src/main.o" "../src/main.c"
Finished building: ../src/main.c
 
Building file: ../src/md5.c
Invoking: ARM gcc compiler
arm-xilinx-eabi-gcc -Wall -O0 -g3 -c -fmessage-length=0 -I../../zynq_fsbl_0_bsp/ps7_cortexa9_0/include -MMD -MP -MF"src/md5.d" -MT"src/md5.d" -o "src/md5.o" "../src/md5.c"
Finished building: ../src/md5.c
 
Building file: ../src/nand.c
Invoking: ARM gcc compiler
arm-xilinx-eabi-gcc -Wall -O0 -g3 -c -fmessage-length=0 -I../../zynq_fsbl_0_bsp/ps7_cortexa9_0/include -MMD -MP -MF"src/nand.d" -MT"src/nand.d" -o "src/nand.o" "../src/nand.c"
Finished building: ../src/nand.c
 
Building file: ../src/nor.c
Invoking: ARM gcc compiler
arm-xilinx-eabi-gcc -Wall -O0 -g3 -c -fmessage-length=0 -I../../zynq_fsbl_0_bsp/ps7_cortexa9_0/include -MMD -MP -MF"src/nor.d" -MT"src/nor.d" -o "src/nor.o" "../src/nor.c"
Finished building: ../src/nor.c
 
Building file: ../src/pcap.c
Invoking: ARM gcc compiler
arm-xilinx-eabi-gcc -Wall -O0 -g3 -c -fmessage-length=0 -I../../zynq_fsbl_0_bsp/ps7_cortexa9_0/include -MMD -MP -MF"src/pcap.d" -MT"src/pcap.d" -o "src/pcap.o" "../src/pcap.c"
Finished building: ../src/pcap.c
 
Building file: ../src/ps7_init.c
Invoking: ARM gcc compiler
arm-xilinx-eabi-gcc -Wall -O0 -g3 -c -fmessage-length=0 -I../../zynq_fsbl_0_bsp/ps7_cortexa9_0/include -MMD -MP -MF"src/ps7_init.d" -MT"src/ps7_init.d" -o "src/ps7_init.o" "../src/ps7_init.c"
Finished building: ../src/ps7_init.c
 
Building file: ../src/qspi.c
Invoking: ARM gcc compiler
arm-xilinx-eabi-gcc -Wall -O0 -g3 -c -fmessage-length=0 -I../../zynq_fsbl_0_bsp/ps7_cortexa9_0/include -MMD -MP -MF"src/qspi.d" -MT"src/qspi.d" -o "src/qspi.o" "../src/qspi.c"
Finished building: ../src/qspi.c
 
Building file: ../src/rsa.c
Invoking: ARM gcc compiler
arm-xilinx-eabi-gcc -Wall -O0 -g3 -c -fmessage-length=0 -I../../zynq_fsbl_0_bsp/ps7_cortexa9_0/include -MMD -MP -MF"src/rsa.d" -MT"src/rsa.d" -o "src/rsa.o" "../src/rsa.c"
Finished building: ../src/rsa.c
 
Building file: ../src/sd.c
Invoking: ARM gcc compiler
arm-xilinx-eabi-gcc -Wall -O0 -g3 -c -fmessage-length=0 -I../../zynq_fsbl_0_bsp/ps7_cortexa9_0/include -MMD -MP -MF"src/sd.d" -MT"src/sd.d" -o "src/sd.o" "../src/sd.c"
Finished building: ../src/sd.c
 
Building target: zynq_fsbl_0.elf
Invoking: ARM gcc linker
arm-xilinx-eabi-gcc -L"/home/hunters/Vivado/learn/SDK_Workspace/zynq_fsbl_0/src" -Wl,-T -Wl,../src/lscript.ld -L../../zynq_fsbl_0_bsp/ps7_cortexa9_0/lib -o "zynq_fsbl_0.elf"  ./src/ddr_init.o ./src/fsbl_handoff.o ./src/fsbl_hooks.o ./src/image_mover.o ./src/main.o ./src/md5.o ./src/nand.o ./src/nor.o ./src/pcap.o ./src/ps7_init.o ./src/qspi.o ./src/rsa.o ./src/sd.o   -lrsa -Wl,--start-group,-lxil,-lgcc,-lc,--end-group -Wl,--start-group,-lxilffs,-lxil,-lgcc,-lc,--end-group
Finished building target: zynq_fsbl_0.elf
 
Invoking: ARM Print Size
arm-xilinx-eabi-size zynq_fsbl_0.elf  |tee "zynq_fsbl_0.elf.size"
   text	   data	    bss	    dec	    hex	filename
  70440	  11732	  73316	 155488	  25f60	zynq_fsbl_0.elf
Finished building: zynq_fsbl_0.elf.size
 
