14:21:12 **** Auto Build of configuration Debug for project zynq_fsbl_0 ****
make all 
Building file: ../src/ps7_init.c
Invoking: ARM gcc compiler
arm-xilinx-eabi-gcc -Wall -O0 -g3 -c -fmessage-length=0 -I../../zynq_fsbl_0_bsp/ps7_cortexa9_0/include -MMD -MP -MF"src/ps7_init.d" -MT"src/ps7_init.d" -o "src/ps7_init.o" "../src/ps7_init.c"
Finished building: ../src/ps7_init.c
 
Building target: zynq_fsbl_0.elf
Invoking: ARM gcc linker
arm-xilinx-eabi-gcc -L"/home/hunters/Vivado/learn/SDK_Workspace/zynq_fsbl_0/src" -Wl,-T -Wl,../src/lscript.ld -L../../zynq_fsbl_0_bsp/ps7_cortexa9_0/lib -o "zynq_fsbl_0.elf"  ./src/ddr_init.o ./src/fsbl_handoff.o ./src/fsbl_hooks.o ./src/image_mover.o ./src/main.o ./src/md5.o ./src/nand.o ./src/nor.o ./src/pcap.o ./src/ps7_init.o ./src/qspi.o ./src/rsa.o ./src/sd.o   -lrsa -Wl,--start-group,-lxil,-lgcc,-lc,--end-group -Wl,--start-group,-lxilffs,-lxil,-lgcc,-lc,--end-group
Finished building target: zynq_fsbl_0.elf
 
Invoking: ARM Print Size
arm-xilinx-eabi-size zynq_fsbl_0.elf  |tee "zynq_fsbl_0.elf.size"
   text	   data	    bss	    dec	    hex	filename
  70440	  11700	  73316	 155456	  25f40	zynq_fsbl_0.elf
Finished building: zynq_fsbl_0.elf.size
 

14:21:12 Build Finished (took 166ms)

